🔍 14:17:31 - [36msrc.logger[0m - [94mDEBUG[0m - Logging initialized with level: DEBUG
✓ 14:17:31 - [36mautomagik_api_client[0m - [92mINFO[0m - Automagik API client initialized with URL: http://localhost:18881
✓ 14:17:31 - [36magent_api_client[0m - [92mINFO[0m - Agent API client initialized with global config, URL: http://localhost:18881
✓ 14:17:31 - [36mdatabase[0m - [92mINFO[0m - SQLite database directory ensured: data
✓ 14:17:31 - [36mdatabase[0m - [92mINFO[0m - SQLite database file: ./data/omnihub.db
✓ 14:17:31 - [36mcli[0m - [92mINFO[0m - Starting Agent application...
✓ 14:17:31 - [36mcli[0m - [92mINFO[0m - Initializing database...
✓ 14:17:31 - [36mcli[0m - [92mINFO[0m - Database initialization complete
✓ 14:17:31 - [36msrc.config[0m - [92mINFO[0m - ✅ Configuration valid - RabbitMQ disabled, using HTTP webhooks only
✓ 14:17:31 - [36mcli[0m - [92mINFO[0m - Agent API is available
✓ 14:17:31 - [36magent_service[0m - [92mINFO[0m - Starting agent service
✓ 14:17:31 - [36magent_service[0m - [92mINFO[0m - Automagik API health check successful.
✓ 14:17:31 - [36mcli[0m - [92mINFO[0m - Agent application started successfully
🔍 14:17:31 - [36msrc.logger[0m - [94mDEBUG[0m - Logging initialized with level: DEBUG
✓ 14:17:31 - [36mapp[0m - [92mINFO[0m - Starting FastAPI server on 0.0.0.0:18882
🔍 14:17:31 - [36masyncio[0m - [94mDEBUG[0m - Using selector: EpollSelector
✓ 14:17:31 - [36mapp[0m - [92mINFO[0m - Initializing application...
✓ 14:17:31 - [36mapp[0m - [92mINFO[0m - Log level set to: DEBUG
✓ 14:17:31 - [36mapp[0m - [92mINFO[0m - Default instance ready: default
🔍 14:17:56 - [36mdeps[0m - [94mDEBUG[0m - Expected API key: [namastex888]
🔍 14:17:56 - [36mdeps[0m - [94mDEBUG[0m - Received credentials: [namastex888]
✓ 14:17:56 - [36mdeps[0m - [92mINFO[0m - API key verified successfully
🔍 14:17:56 - [36minstances[0m - [94mDEBUG[0m - QR CODE API: Request for instance test_instance
❌ 14:17:56 - [36msrc.api.routes.instances[0m - [91mERROR[0m - QR CODE API: Instance test_instance not found in database
🔍 14:18:14 - [36mdeps[0m - [94mDEBUG[0m - Expected API key: [namastex888]
🔍 14:18:14 - [36mdeps[0m - [94mDEBUG[0m - Received credentials: [namastex888]
✓ 14:18:14 - [36mdeps[0m - [92mINFO[0m - API key verified successfully
🔍 14:18:20 - [36mdeps[0m - [94mDEBUG[0m - Expected API key: [namastex888]
🔍 14:18:20 - [36mdeps[0m - [94mDEBUG[0m - Received credentials: [namastex888]
✓ 14:18:20 - [36mdeps[0m - [92mINFO[0m - API key verified successfully
🔍 14:18:28 - [36mdeps[0m - [94mDEBUG[0m - Expected API key: [namastex888]
🔍 14:18:28 - [36mdeps[0m - [94mDEBUG[0m - Received credentials: [namastex888]
✓ 14:18:28 - [36mdeps[0m - [92mINFO[0m - API key verified successfully
🔍 14:18:28 - [36minstances[0m - [94mDEBUG[0m - QR CODE API: Request for instance default
🔍 14:18:28 - [36minstances[0m - [94mDEBUG[0m - QR CODE API: Found instance default, channel_type: whatsapp
🔍 14:18:28 - [36minstances[0m - [94mDEBUG[0m - QR CODE API: Got handler WhatsAppChannelHandler
🔍 14:18:28 - [36minstances[0m - [94mDEBUG[0m - QR CODE API: Calling handler.get_qr_code()
🔍 14:18:28 - [36mwhatsapp.channel_handler[0m - [94mDEBUG[0m - === QR CODE REQUEST START for default ===
🔍 14:18:28 - [36mwhatsapp.channel_handler[0m - [94mDEBUG[0m - Instance evolution_url: http://localhost:18080
🔍 14:18:28 - [36mwhatsapp.channel_handler[0m - [94mDEBUG[0m - Instance evolution_key: namastex...
🔍 14:18:28 - [36mwhatsapp.channel_handler[0m - [94mDEBUG[0m - Instance config - URL: http://localhost:18080, Key: ***********
🔍 14:18:28 - [36mwhatsapp.channel_handler[0m - [94mDEBUG[0m - Final config - URL: http://localhost:18080, Key: ***********
🔍 14:18:28 - [36mwhatsapp.channel_handler[0m - [94mDEBUG[0m - Creating Evolution client for instance 'default' - URL: http://localhost:18080
🔍 14:18:28 - [36mwhatsapp.channel_handler[0m - [94mDEBUG[0m - Using Evolution API key: namastex***
🔍 14:18:28 - [36mwhatsapp.channel_handler[0m - [94mDEBUG[0m - Evolution client created successfully
🔍 14:18:28 - [36mwhatsapp.channel_handler[0m - [94mDEBUG[0m - Calling Evolution API connect for instance: default
🔍 14:18:28 - [36mwhatsapp.evolution_client[0m - [94mDEBUG[0m - Evolution API Request: GET http://localhost:18080/instance/connect/default
🔍 14:18:28 - [36mwhatsapp.evolution_client[0m - [94mDEBUG[0m - Request headers: {'apikey': 'namastex888', 'Content-Type': 'application/json'}
🔍 14:18:28 - [36mwhatsapp.evolution_client[0m - [94mDEBUG[0m - Evolution API Response: 404
🔍 14:18:28 - [36mwhatsapp.evolution_client[0m - [94mDEBUG[0m - Response headers: {'x-powered-by': 'Express', 'vary': 'Origin, Accept-Encoding', 'access-control-allow-credentials': 'true', 'content-type': 'application/json; charset=utf-8', 'content-length': '101', 'etag': 'W/"65-FTSNhSqCodoyiBO1lqNfb65COZY"', 'date': 'Mon, 23 Jun 2025 17:18:28 GMT', 'connection': 'keep-alive', 'keep-alive': 'timeout=5'}
🔍 14:18:28 - [36mwhatsapp.evolution_client[0m - [94mDEBUG[0m - Response body: {"status":404,"error":"Not Found","response":{"message":["The \"default\" instance does not exist"]}}
❌ 14:18:28 - [36msrc.channels.whatsapp.evolution_client[0m - [91mERROR[0m - Evolution API error 404: {"status":404,"error":"Not Found","response":{"message":["The \"default\" instance does not exist"]}}
🔍 14:18:28 - [36mwhatsapp.evolution_client[0m - [94mDEBUG[0m - Failed request details - URL: http://localhost:18080/instance/connect/default, Method: GET
🔍 14:18:28 - [36mwhatsapp.evolution_client[0m - [94mDEBUG[0m - Failed request headers: {'apikey': 'namastex888', 'Content-Type': 'application/json'}
❌ 14:18:28 - [36msrc.channels.whatsapp.channel_handler[0m - [91mERROR[0m - Failed to get QR code for default: Evolution API error: 404
❌ 14:18:28 - [36msrc.channels.whatsapp.channel_handler[0m - [91mERROR[0m - Exception details: Exception: Evolution API error: 404
❌ 14:18:28 - [36msrc.channels.whatsapp.channel_handler[0m - [91mERROR[0m - Traceback: Traceback (most recent call last):
  File "/home/cezar/automagik-bundle/omni-hub/src/channels/whatsapp/evolution_client.py", line 91, in _request
    response.raise_for_status()
  File "/home/cezar/automagik-bundle/omni-hub/.venv/lib/python3.12/site-packages/httpx/_models.py", line 829, in raise_for_status
    raise HTTPStatusError(message, request=request, response=self)
httpx.HTTPStatusError: Client error '404 Not Found' for url 'http://localhost:18080/instance/connect/default'
For more information check: https://developer.mozilla.org/en-US/docs/Web/HTTP/Status/404

During handling of the above exception, another exception occurred:

Traceback (most recent call last):
  File "/home/cezar/automagik-bundle/omni-hub/src/channels/whatsapp/channel_handler.py", line 129, in get_qr_code
    connect_response = await evolution_client.connect_instance(instance.name)
                       ^^^^^^^^^^^^^^^^^^^^^^^^^^^^^^^^^^^^^^^^^^^^^^^^^^^^^^
  File "/home/cezar/automagik-bundle/omni-hub/src/channels/whatsapp/evolution_client.py", line 177, in connect_instance
    return await self._request("GET", f"/instance/connect/{instance_name}")
           ^^^^^^^^^^^^^^^^^^^^^^^^^^^^^^^^^^^^^^^^^^^^^^^^^^^^^^^^^^^^^^^^
  File "/home/cezar/automagik-bundle/omni-hub/src/channels/whatsapp/evolution_client.py", line 99, in _request
    raise Exception(f"Evolution API error: {e.response.status_code}")
Exception: Evolution API error: 404

🔍 14:18:28 - [36minstances[0m - [94mDEBUG[0m - QR CODE API: Handler returned instance_name='default' channel_type='whatsapp' qr_code=None auth_url=None invite_url=None status='error' message='Failed to get QR code: Evolution API error: 404'
